[daga69.vip/index.html]
[backblue.gif]
[fade.gif]
[index.html]
[wala66.net/wp-content/css/1- hello-elementor.css]
[wala66.net/wp-content/css/2 - hello-elementor-theme-style.css]
[wala66.net/wp-content/css/3 - hello-elementor-header-footer.css]
[wala66.net/wp-content/css/4 - elementor-frontend-css.css]
[wala66.net/wp-content/css/5 - elementor-post-8.css]
[wala66.net/wp-content/css/6 - swiper.css]
[wala66.net/wp-content/css/7 - e-swiper.css]
[wala66.net/wp-content/css/8 -e-popup-style.css]
[wala66.net/wp-content/css/9 - e-animation-zoomInDow.css]
[wala66.net/wp-content/css/12 - elementor-post-14.css]
[wala66.net/wp-content/css/15 - css-protect.css]
[wala66.net/wp-content/css/17- google-fonts-1.css]
[wala66.net/wp-content/css/18 - gstatic.js]
[wala66.net/wp-content/css/19 - jquery-migrate.min.js]
[connect.facebook.net/en_US/fbevents.js]
[daga69.vip/wp-content/uploads/2023/09/S 06.png]
[wala66.vip/wp-content/uploads/2025/07/GIF-DANG-KY.gif]
[wala66.vip/wp-content/uploads/2025/07/GIF-DANG-NHAP.gif]
[wala66.com/wp-content/uploads/2025/05/W-G2.gif]
[wala66.vip/wp-content/uploads/2025/07/tele-gif.gif]
[wala66.vip/wp-content/uploads/2025/07/facebook-gif.gif]
[wala66.vip/wp-content/uploads/2025/07/zalo-gif.gif]
[wala66.vip/wp-content/uploads/2025/07/S-15.png]
[wala66.vip/wp-content/uploads/2025/06/logo-nha-cung-cap2.png]
[wala66.vip/wp-content/uploads/2025/06/logo-nha-cung-cap1.png]
[gaz68.vip/wp-content/plugins/wccp-pro/images/warning.png]
[gaz68.vip/wp-content/plugins/wccp-pro/images/success.png]
[gaz68.vip/wp-content/themes/hello-elementor/assets/js/hello-frontend.minb12b.js]
[gaz68.vip/wp-content/plugins/wccp-pro/js/admin_bar_ajax9704.js]
[gaz68.vip/wp-content/plugins/elementor-pro/assets/js/webpack-pro.runtime.min401f.js]
[gaz68.vip/wp-content/plugins/elementor/assets/js/webpack.runtime.min18be.js]
[gaz68.vip/wp-content/plugins/elementor/assets/js/frontend-modules.min18be.js]
[gaz68.vip/wp-includes/js/dist/hooks.min4fdd.js]
[gaz68.vip/wp-includes/js/dist/i18n.minc33c.js]
[gaz68.vip/wp-content/plugins/elementor-pro/assets/js/frontend.min401f.js]
[gaz68.vip/wp-includes/js/jquery/ui/core.minb37e.js]
[gaz68.vip/wp-content/plugins/elementor/assets/js/frontend.min18be.js]
[gaz68.vip/wp-content/plugins/elementor-pro/assets/js/elements-handlers.min401f.js]
[daga69.vip/index.html]
[daga69.vip/user/index.html]
[daga69.vip/feed/index.html]
[daga69.vip/comments/feed/index.html]
[wala66.net/wp-content/css/1- hello-elementor.css]
[wala66.net/wp-content/css/2 - hello-elementor-theme-style.css]
[wala66.net/wp-content/css/3 - hello-elementor-header-footer.css]
[wala66.net/wp-content/css/4 - elementor-frontend-css.css]
[bcx88.net/wp-content/uploads/2025/05/snapedit_1748417663992.png]
[bcx88.net/wp-content/uploads/2025/05/snapedit_1748417704467.png]
[wala66.net/wp-content/css/5 - elementor-post-8.css]
[wala66.net/wp-content/css/6 - swiper.css]
[wala66.net/wp-content/css/7 - e-swiper.css]
[wala66.net/wp-content/css/8 -e-popup-style.css]
[wala66.net/wp-content/css/9 - e-animation-zoomInDow.css]
[wala66.net/wp-content/css/10 - widget-image-css.css]
[wala66.net/wp-content/css/11 - e-animation-shrink.css]
[wala66.net/wp-content/css/12 - elementor-post-14.css]
[wala66.net/wp-content/css/13 - elementor-post-53.css]
[wala66.net/wp-content/css/14 - elementor-post-56.css]
[wala66.net/wp-content/css/15 - css-protect.css]
[wala66.net/wp-content/css/16 - print-protection.css]
[wala66.net/wp-content/css/17- google-fonts-1.css]
[wala66.net/wp-content/css/18 - gstatic.js]
[wala66.net/wp-content/css/19 - jquery-migrate.min.js]
[connect.facebook.net/en_US/fbevents.js]
[daga69.vip/signals/config/index.html]
[daga69.vip/a.html]
[daga69.vip/signals/plugins/index.html]
[daga69.vip/POST.html]
[daga69.vip/schema.org/index.html]
[daga69.vip/b.html]
[daga69.vip/d.html]
[daga69.vip/signals/iwl.html]
[daga69.vip/signals/iwl0fc5.html]
[daga69.vip/c.html]
[daga69.vip/c-2.html]
